node : TEST ERROR: GoogleGen
erativeAIFetchError: 
[GoogleGenerativeAI Error]: 
Error fetching from https://
generativelanguage.googleapi
s.com/v1beta/models/gemini-1
.5-pro:generateContent: 
[404 Not Found] 
models/gemini-1.5-pro is 
not found for API version 
v1beta, or is not supported 
for generateContent. Call 
ListModels to see the list 
of available models and 
their supported methods.
At line:1 char:1
+ node test.js > 
test_output.txt 2>&1
+ ~~~~~~~~~~~~~~~~~~~~~~~~~~
~~~~~~~~~
    + CategoryInfo          
    : NotSpecified: (T    
EST ERROR: Goo...port    ed 
methods.:String) [    ], 
RemoteException
    + FullyQualifiedError   
 Id : NativeCommandErr    or
 
    at handleResponseNotOk (
C:\Users\hardi\Documents\Fac
tifAI\backend\node_modules\@
google\generative-ai\dist\in
dex.js:434:11)
    at process.processTicksA
ndRejections (node:internal/
process/task_queues:104:5)
    at async makeRequest (C:
\Users\hardi\Documents\Facti
fAI\backend\node_modules\@go
ogle\generative-ai\dist\inde
x.js:403:9)
    at async 
generateContent (C:\Users\ha
rdi\Documents\FactifAI\backe
nd\node_modules\@google\gene
rative-ai\dist\index.js:867:
22)
    at async analyzeContent 
(C:\Users\hardi\Documents\Fa
ctifAI\backend\analyzer.js:7
7:20) {
  status: 404,
  statusText: 'Not Found',
  errorDetails: undefined
}
